<!DOCTYPE html>
<html data-wf-page="61d3baad583f573eec519833">
  <head>
    <meta charset="utf-8">
    <title>
      Golden_SBG
    </title>
    <meta content="Golden_SBG official Website" name="description">
    <meta content="Golden_SBG official Website" property="og:title">
    <meta content="Golden_SBG official Website" property="og:description">
    <meta content="bilder/logo-website.png" property="og:image">
    <meta content="Golden_SBG official Website" property="twitter:title">
    <meta content="Golden_SBG official Website" property="twitter:description">
    <meta content="bilder/logo-website.png" property="twitter:image">
    <meta property="og:type" content="website">
    <meta content="summary_large_image" name="twitter:card">
    <meta content="width=device-width, initial-scale=1" name="viewport">
    <meta content="Webflow" name="generator">
    <link href="https://assets.website-files.com/61d3baad583f5769e5519830/css/creatortemplate-showcase.webflow.3aa27feed.css" rel="stylesheet" type="text/css">
    <script type="text/javascript">
    !function(o,c){var n=c.documentElement,t=" w-mod-";n.className+=t+"js",("ontouchstart"in o||o.DocumentTouch&&c instanceof DocumentTouch)&&(n.className+=t+"touch")}(window,document);
    </script>
    <link href="bilder/logo-website.png" rel="shortcut icon" type="image/x-icon">
    <link href="bilder/logo-website.png" rel="apple-touch-icon">
    <script type="text/javascript">
    window.__WEBFLOW_CURRENCY_SETTINGS = {"currencyCode":"USD","$init":true,"symbol":"$","decimal":".","fractionDigits":2,"group":",","template":"{{wf {\"path\":\"symbol\",\"type\":\"PlainText\"} }} {{wf {\"path\":\"amount\",\"type\":\"CommercePrice\"} }} {{wf {\"path\":\"currencyCode\",\"type\":\"PlainText\"} }}","hideDecimalForWholeNumbers":false}; 
    </script>
  </head>
  <body class="bg-neutral-800">
      <div class="container-default w-container">
        <div class="divider"></div>
      </div>
      <section style="-webkit-transform:translate3d(0, 8px, 0) scale3d(1, 1, 1) rotateX(0) rotateY(0) rotateZ(0) skew(0, 0);-moz-transform:translate3d(0, 8px, 0) scale3d(1, 1, 1) rotateX(0) rotateY(0) rotateZ(0) skew(0, 0);-ms-transform:translate3d(0, 8px, 0) scale3d(1, 1, 1) rotateX(0) rotateY(0) rotateZ(0) skew(0, 0);transform:translate3d(0, 8px, 0) scale3d(1, 1, 1) rotateX(0) rotateY(0) rotateZ(0) skew(0, 0)" class="section wf-section">
        <div class="container-default w-container">
          <div class="home-about-wrapper">
            <div class="split-content home-about-left">
              <h2 class="title home-about">
                Hey! <span class="text-no-wrap">Ich bin Golden_sbg</span>
              </h2>
            </div>
          </div>
        </div>
      </section>
      <section class="section cta wf-section">
        <div class="container-default w-container">
          <div class="w-layout-grid cta-grid">
            <div data-w-id="e39b910e-0491-6aa5-d287-903472b35300" style="-webkit-transform:translate3d(0, 20px, 0) scale3d(1, 1, 1) rotateX(0) rotateY(0) rotateZ(0) skew(0, 0);-moz-transform:translate3d(0, 20px, 0) scale3d(1, 1, 1) rotateX(0) rotateY(0) rotateZ(0) skew(0, 0);-ms-transform:translate3d(0, 20px, 0) scale3d(1, 1, 1) rotateX(0) rotateY(0) rotateZ(0) skew(0, 0);transform:translate3d(0, 20px, 0) scale3d(1, 1, 1) rotateX(0) rotateY(0) rotateZ(0) skew(0, 0);opacity:0" class="card cta-left">
              <div class="card-cta-left-content">
                <h2 class="title card-cta-left">
                  Allgemeine <span class="text-no-wrap">Informationen </span>
                </h2>
                <p class="paragraph text-neutral-500 card-cta-left">
                    Name: <span class="text-no-wrap"><i>Golden_SBG</i></span>
                    <br>Nationaliteat: <span class="text-no-wrap"><i>Schweiz</i></span></br>
                    Content Bereiche: <span class="text-no-wrap"><i>YouTube, Twitch, TikTok, Instagram</i></span>
                    <br>Hobbys: <span class="text-no-wrap"><i>Designen, Gamen, Sport ausführen, Musik produzieren</i></span></br>
              </div>
            </div>
            <div data-w-id="49edad8a-3f01-6d25-c63a-5c6a272d4679" style="-webkit-transform:translate3d(0, 20px, 0) scale3d(1, 1, 1) rotateX(0) rotateY(0) rotateZ(0) skew(0, 0);-moz-transform:translate3d(0, 20px, 0) scale3d(1, 1, 1) rotateX(0) rotateY(0) rotateZ(0) skew(0, 0);-ms-transform:translate3d(0, 20px, 0) scale3d(1, 1, 1) rotateX(0) rotateY(0) rotateZ(0) skew(0, 0);transform:translate3d(0, 20px, 0) scale3d(1, 1, 1) rotateX(0) rotateY(0) rotateZ(0) skew(0, 0);opacity:0" class="card cta-right">
              <div class="card-cta-right-content">
                <h2 class="title card-cta-right">
                  Was wird <span class="text-no-wrap">von mir produziert?</span>
                </h2>
                <p class="paragraph text-neutral-500 card-cta-right">
                   Spannende und <span class="text-no-wrap">lustige Videos</span>
                   <br>Designen von <span class="text-no-wrap">verschiedenen Sachen:</span></br>
                   <i>Thumbnails, Rigs, Minecraft-Cosmetics [Cloak, Wings, Bandana, Shield]</i>
                   <br>Events mit der <span class="text-no-wrap">Community veranstalten</span></br>
                   Creative Grossprojekte <span class="text-no-wrap">erfinden und spielen</span>
              </div>
            </div>
          </div>
        </div>
      </section>
      <section class="section cta wf-section">
        <div class="container-default w-container">
            <div class="w-layout-grid cta-grid">
                <div data-w-id="e39b910e-0491-6aa5-d287-903472b35300" style="-webkit-transform:translate3d(0, 20px, 0) scale3d(1, 1, 1) rotateX(0) rotateY(0) rotateZ(0) skew(0, 0);-moz-transform:translate3d(0, 20px, 0) scale3d(1, 1, 1) rotateX(0) rotateY(0) rotateZ(0) skew(0, 0);-ms-transform:translate3d(0, 20px, 0) scale3d(1, 1, 1) rotateX(0) rotateY(0) rotateZ(0) skew(0, 0);transform:translate3d(0, 20px, 0) scale3d(1, 1, 1) rotateX(0) rotateY(0) rotateZ(0) skew(0, 0);opacity:0" class="card cta-left">
                    <div class="card-cta-left-content">
                        <h2 class="title card-cta-left">
                            Ziele auf <span class="text-no-wrap">Social Media</span>
                        </h2>
                        <p class="paragraph text-neutral-500 card-cta-left">
                          <li><p>guten Content zu produzieren</p></li><span class="text-no-wrap"></span>
                            <li><p>qualitativen Content hochladen</p></li>
                            <li><p>spannende Videos produzieren</p></li>
                            <li><p>eine Community aufbauen</p></li>
                            <li><p>Spass haben</p></li>
                            <li><p>10.000 Abonnente auf YouTube</p></li>
                            <li><p>5.000 Follower auf Twitch</p></li>
                    </div>
                </div>
                <div data-w-id="49edad8a-3f01-6d25-c63a-5c6a272d4679" style="-webkit-transform:translate3d(0, 20px, 0) scale3d(1, 1, 1) rotateX(0) rotateY(0) rotateZ(0) skew(0, 0);-moz-transform:translate3d(0, 20px, 0) scale3d(1, 1, 1) rotateX(0) rotateY(0) rotateZ(0) skew(0, 0);-ms-transform:translate3d(0, 20px, 0) scale3d(1, 1, 1) rotateX(0) rotateY(0) rotateZ(0) skew(0, 0);transform:translate3d(0, 20px, 0) scale3d(1, 1, 1) rotateX(0) rotateY(0) rotateZ(0) skew(0, 0);opacity:0" class="card cta-right">
                    <div class="card-cta-right-content">
                        <h2 class="title card-cta-right">
                            Mein <span class="text-no-wrap">Setup</span>
                        </h2>
                        <p class="paragraph text-neutral-500 card-cta-right">
                          <li><p>Computer: <span class="text-no-wrap"><i>Macbook Pro M1</i></p></li></span>
                            <li><p>Maus: <span class="text-no-wrap"><i>Redragon Cobra M711</i></span></p></li>
                            <li><p>Tastatur: <span class="text-no-wrap"><i>Redragon K530 RBG</i></p></li>
                            <li><p>Headset: <span class="text-no-wrap"><i>Apple Airpods Max</i></p></li>
                            <li><p>Mikrofon: <span class="text-no-wrap"><i>Iphone 11</i></p></li>

                    </div>
                </div>
                <!-- Weitere Abschnitte könnten hier hinzugefügt werden -->
            </div>
        </div>
    </section>
      <footer class="footer">
        <div class="container-default w-container">
          <div class="footer-content-top">
            <a href="/" aria-current="page" class="footer-logo-container w-inline-block w--current"><img src="https://assets.website-files.com/6252fe4d6b25f529e3fa4a6f/6268563405bceaccedde920c_discord.png" alt="" class="footer-logo"></a>
            <div class="footer-content-top-subscribe-wrapper">
              <p class="paragraph footer-content-top-subscribe">
                Du willst keine Neuigkeiten verpassen? <span class="text-no-wrap">Joine dann jetzt den Discord-Server!</span>
              </p><a href="https://discord.com/invite/w342vb2svP" target="_blank" class="button-primary small footer-content-top-subscribe-button w-button">Join</a>
            </div>
          </div>
          <div class="footer-content-bottom">
            <div class="footer-small-print">
              Copyright © Golden_SBG    
            </div>
            <div class="footer-social-media-wrapper">
              <a href="https://www.youtube.com/@golden_sbg" target="_blank" class="footer-social-media-link youtube w-inline-block"></a>
              <a href="https://twitter.com/@goldensbg" target="_blank" class="footer-social-media-link twitter w-inline-block"></a>
              <a href="https://www.instagram.com/golden_sbg" target="_blank" class="footer-social-media-link instagram w-inline-block"></a>
              <a href="https://www.twitch.tv/golden_sbg" target="_blank" class="footer-social-media-link twitch w-inline-block"></a>
              <a href="https://www.tiktok.com/@golden_sbg" target="_blank" class="footer-social-media-link tiktok w-inline-block"></a>
            </div>
          </div>
        </div>
      </footer>
    </div>
    <div class="loading-bar-wrapper">
      <div class="loading-bar"></div>
    </div>
    <script src="https://d3e54v103j8qbb.cloudfront.net/js/jquery-3.5.1.min.dc5e7f18c8.js?site=61d3baad583f5769e5519830" type="text/javascript" integrity="sha256-9/aliU8dGd2tb6OSsuzixeV4y/faTqgFtohetphbbj0=" crossorigin="anonymous"></script>
    <script src="https://assets.website-files.com/61d3baad583f5769e5519830/js/webflow.419c31ecd.js" type="text/javascript"></script>
  </body>
</html>